// Jest Snapshot v1, https://goo.gl/fbAQLP

exports[`UserWeather should match the snapshot 1`] = `
ShallowWrapper {
  Symbol(enzyme.__root__): [Circular],
  Symbol(enzyme.__unrendered__): <UserWeather
    user={
      Object {
        "id": 1,
        "userName": "mahk",
      }
    }
    weather={
      Object {
        "today": Object {
          "summary": "im weather",
        },
      }
    }
  />,
  Symbol(enzyme.__renderer__): Object {
    "batchedUpdates": [Function],
    "checkPropTypes": [Function],
    "getNode": [Function],
    "render": [Function],
    "simulateError": [Function],
    "simulateEvent": [Function],
    "unmount": [Function],
  },
  Symbol(enzyme.__node__): Object {
    "instance": null,
    "key": undefined,
    "nodeType": "host",
    "props": Object {
      "children": Array [
        <h3>
          Today's Weather: 
          im weather
        </h3>,
        <p>
          Temperature range from 
           to 
        </p>,
        <p>
          Average wind speed of 
          MPH, with gusts up to 
          MPH
        </p>,
        <p>
          % of 
        </p>,
        <p>
          Humidity Index of 
           (0 to 1)
        </p>,
      ],
      "className": "card-object",
    },
    "ref": null,
    "rendered": Array [
      Object {
        "instance": null,
        "key": undefined,
        "nodeType": "host",
        "props": Object {
          "children": Array [
            "Today's Weather: ",
            "im weather",
          ],
        },
        "ref": null,
        "rendered": Array [
          "Today's Weather: ",
          "im weather",
        ],
        "type": "h3",
      },
      Object {
        "instance": null,
        "key": undefined,
        "nodeType": "host",
        "props": Object {
          "children": Array [
            "Temperature range from ",
            undefined,
            " to ",
            undefined,
          ],
        },
        "ref": null,
        "rendered": Array [
          "Temperature range from ",
          undefined,
          " to ",
          undefined,
        ],
        "type": "p",
      },
      Object {
        "instance": null,
        "key": undefined,
        "nodeType": "host",
        "props": Object {
          "children": Array [
            "Average wind speed of ",
            undefined,
            "MPH, with gusts up to ",
            undefined,
            "MPH",
          ],
        },
        "ref": null,
        "rendered": Array [
          "Average wind speed of ",
          undefined,
          "MPH, with gusts up to ",
          undefined,
          "MPH",
        ],
        "type": "p",
      },
      Object {
        "instance": null,
        "key": undefined,
        "nodeType": "host",
        "props": Object {
          "children": Array [
            undefined,
            "% of ",
            undefined,
          ],
        },
        "ref": null,
        "rendered": Array [
          undefined,
          "% of ",
          undefined,
        ],
        "type": "p",
      },
      Object {
        "instance": null,
        "key": undefined,
        "nodeType": "host",
        "props": Object {
          "children": Array [
            "Humidity Index of ",
            undefined,
            " (0 to 1)",
          ],
        },
        "ref": null,
        "rendered": Array [
          "Humidity Index of ",
          undefined,
          " (0 to 1)",
        ],
        "type": "p",
      },
    ],
    "type": "div",
  },
  Symbol(enzyme.__nodes__): Array [
    Object {
      "instance": null,
      "key": undefined,
      "nodeType": "host",
      "props": Object {
        "children": Array [
          <h3>
            Today's Weather: 
            im weather
          </h3>,
          <p>
            Temperature range from 
             to 
          </p>,
          <p>
            Average wind speed of 
            MPH, with gusts up to 
            MPH
          </p>,
          <p>
            % of 
          </p>,
          <p>
            Humidity Index of 
             (0 to 1)
          </p>,
        ],
        "className": "card-object",
      },
      "ref": null,
      "rendered": Array [
        Object {
          "instance": null,
          "key": undefined,
          "nodeType": "host",
          "props": Object {
            "children": Array [
              "Today's Weather: ",
              "im weather",
            ],
          },
          "ref": null,
          "rendered": Array [
            "Today's Weather: ",
            "im weather",
          ],
          "type": "h3",
        },
        Object {
          "instance": null,
          "key": undefined,
          "nodeType": "host",
          "props": Object {
            "children": Array [
              "Temperature range from ",
              undefined,
              " to ",
              undefined,
            ],
          },
          "ref": null,
          "rendered": Array [
            "Temperature range from ",
            undefined,
            " to ",
            undefined,
          ],
          "type": "p",
        },
        Object {
          "instance": null,
          "key": undefined,
          "nodeType": "host",
          "props": Object {
            "children": Array [
              "Average wind speed of ",
              undefined,
              "MPH, with gusts up to ",
              undefined,
              "MPH",
            ],
          },
          "ref": null,
          "rendered": Array [
            "Average wind speed of ",
            undefined,
            "MPH, with gusts up to ",
            undefined,
            "MPH",
          ],
          "type": "p",
        },
        Object {
          "instance": null,
          "key": undefined,
          "nodeType": "host",
          "props": Object {
            "children": Array [
              undefined,
              "% of ",
              undefined,
            ],
          },
          "ref": null,
          "rendered": Array [
            undefined,
            "% of ",
            undefined,
          ],
          "type": "p",
        },
        Object {
          "instance": null,
          "key": undefined,
          "nodeType": "host",
          "props": Object {
            "children": Array [
              "Humidity Index of ",
              undefined,
              " (0 to 1)",
            ],
          },
          "ref": null,
          "rendered": Array [
            "Humidity Index of ",
            undefined,
            " (0 to 1)",
          ],
          "type": "p",
        },
      ],
      "type": "div",
    },
  ],
  Symbol(enzyme.__options__): Object {
    "adapter": ReactSixteenAdapter {
      "options": Object {
        "enableComponentDidUpdateOnSetState": true,
        "legacyContextMode": "parent",
        "lifecycles": Object {
          "componentDidUpdate": Object {
            "onSetState": true,
          },
          "getChildContext": Object {
            "calledByRenderer": false,
          },
          "getDerivedStateFromError": true,
          "getDerivedStateFromProps": Object {
            "hasShouldComponentUpdateBug": false,
          },
          "getSnapshotBeforeUpdate": true,
          "setState": Object {
            "skipsComponentDidUpdateOnNullish": true,
          },
        },
      },
    },
  },
  Symbol(enzyme.__childContext__): null,
}
`;
